INFO:     Started server process [16148]
INFO:     Waiting for application startup.
INFO:     \U0001f552 [Database Monitor] \u0e40\u0e23\u0e34\u0e48\u0e21\u0e15\u0e49\u0e19\u0e01\u0e32\u0e23\u0e15\u0e23\u0e27\u0e08\u0e2a\u0e2d\u0e1a\u0e02\u0e49\u0e2d\u0e21\u0e39\u0e25 Database \u0e2d\u0e31\u0e15\u0e42\u0e19\u0e21\u0e31\u0e15\u0e34\u0e17\u0e38\u0e01\u0e46 5 \u0e19\u0e32\u0e17\u0e35
INFO:     Application startup complete.
INFO:     Uvicorn running on http://127.0.0.1:8002 (Press CTRL+C to quit)
2026-06-23 04:24:46,925 INFO sqlalchemy.engine.Engine select pg_catalog.version()
2026-06-23 04:24:46,925 INFO sqlalchemy.engine.Engine [raw sql] {}
2026-06-23 04:24:46,927 INFO sqlalchemy.engine.Engine select current_schema()
2026-06-23 04:24:46,928 INFO sqlalchemy.engine.Engine [raw sql] {}
2026-06-23 04:24:46,929 INFO sqlalchemy.engine.Engine show standard_conforming_strings
2026-06-23 04:24:46,929 INFO sqlalchemy.engine.Engine [raw sql] {}
2026-06-23 04:24:46,930 INFO sqlalchemy.engine.Engine BEGIN (implicit)
2026-06-23 04:24:46,933 INFO sqlalchemy.engine.Engine SELECT diagnostics.diagnostic_id AS diagnostics_diagnostic_id, diagnostics.patient_id AS diagnostics_patient_id, diagnostics.visit_id AS diagnostics_visit_id, diagnostics.eye_side AS diagnostics_eye_side, diagnostics.risk_level AS diagnostics_risk_level, diagnostics.condition_stage AS diagnostics_condition_stage, diagnostics.ai_trend AS diagnostics_ai_trend, diagnostics.drafted_summary AS diagnostics_drafted_summary, diagnostics.suggested_action AS diagnostics_suggested_action, diagnostics.exported_to_his AS diagnostics_exported_to_his, diagnostics.created_at AS diagnostics_created_at 
FROM diagnostics 
WHERE diagnostics.visit_id = %(visit_id_1)s::UUID AND diagnostics.eye_side = %(eye_side_1)s 
 LIMIT %(param_1)s
2026-06-23 04:24:46,933 INFO sqlalchemy.engine.Engine [generated in 0.00017s] {'visit_id_1': UUID('39a2fe63-8bfd-406d-a51b-1c4495b8d00e'), 'eye_side_1': 'OS', 'param_1': 1}
2026-06-23 04:24:46,937 INFO sqlalchemy.engine.Engine SELECT visits.visit_id AS visits_visit_id, visits.patient_id AS visits_patient_id, visits.doctor_id AS visits_doctor_id, visits.visit_date AS visits_visit_date, visits.visit_time AS visits_visit_time, visits.queue_number AS visits_queue_number, visits.status AS visits_status, visits.created_at AS visits_created_at 
FROM visits 
WHERE visits.visit_id = %(visit_id_1)s::UUID 
 LIMIT %(param_1)s
2026-06-23 04:24:46,937 INFO sqlalchemy.engine.Engine [generated in 0.00028s] {'visit_id_1': UUID('39a2fe63-8bfd-406d-a51b-1c4495b8d00e'), 'param_1': 1}
2026-06-23 04:24:46,940 INFO sqlalchemy.engine.Engine COMMIT
2026-06-23 04:24:46,941 INFO sqlalchemy.engine.Engine BEGIN (implicit)
2026-06-23 04:24:46,942 INFO sqlalchemy.engine.Engine SELECT diagnostics.diagnostic_id, diagnostics.patient_id, diagnostics.visit_id, diagnostics.eye_side, diagnostics.risk_level, diagnostics.condition_stage, diagnostics.ai_trend, diagnostics.drafted_summary, diagnostics.suggested_action, diagnostics.exported_to_his, diagnostics.created_at 
FROM diagnostics 
WHERE diagnostics.diagnostic_id = %(pk_1)s::UUID
2026-06-23 04:24:46,942 INFO sqlalchemy.engine.Engine [generated in 0.00012s] {'pk_1': UUID('4cc7638a-874a-4e62-8131-b3ba595909df')}
2026-06-23 04:24:46,944 INFO sqlalchemy.engine.Engine ROLLBACK
INFO:     127.0.0.1:64061 - "POST /api/v1/diagnostics/generate-draft HTTP/1.1" 200 OK
